data 2010-07-18 -> 2026-05-23

=== cycle turns (mechanical: top = ATH followed by >=45% drawdown) ===
  TOP    2010-11-06  $         0     -1 days after halving
  TOP    2011-06-08  $        29     -1 days after halving
  TOP    2013-04-09  $       231    132 days after halving
  TOP    2013-12-04  $     1,135    371 days after halving
  TOP    2017-12-16  $    19,641    525 days after halving
  TOP    2021-04-13  $    63,446    337 days after halving
  TOP    2021-11-08  $    67,542    546 days after halving
  TOP    2025-10-06  $   124,824    534 days after halving
  BOTTOM 2010-12-09  $         0     -1 days after halving, 33 after its top
  BOTTOM 2011-11-18  $         2     -1 days after halving, 163 after its top
  BOTTOM 2013-07-06  $        66    220 days after halving, 88 after its top
  BOTTOM 2015-01-14  $       176    777 days after halving, 406 after its top
  BOTTOM 2018-12-15  $     3,185    889 days after halving, 364 after its top
  BOTTOM 2021-07-20  $    29,767    435 days after halving, 98 after its top
  BOTTOM 2022-11-09  $    15,758    912 days after halving, 366 after its top

  halving gaps: [1319, 1402, 1440] days (210,000 blocks x ~10min = ~1,458d; Satoshi 2009-01-08: 'the amount cut in half every 4 years')

=== A1. TOP callers vs actual cycle tops (canonical thresholds, +/-90d window) ===
  trigger               2010-11-06        2011-06-08        2013-04-09        2013-12-04        2017-12-16        2021-04-13        2021-11-08        2025-10-06
  PiCycle cross              +238d          HIT +24d           HIT -3d           HIT +1d           HIT +0d           HIT -1d             -210d           no fire
  MVRV > 3.7              HIT -29d          HIT -47d          HIT -21d          HIT -26d          HIT -10d          HIT -31d             -240d           no fire
  Mayer > 2.4                 +88d          HIT -47d          HIT +25d          HIT +19d          HIT -19d          HIT -31d             -240d           no fire
  Puell > 4.0              no fire           no fire          HIT -20d          HIT +22d          HIT -19d           no fire           no fire           no fire
  px > 5x 2yrMA            no fire           no fire          HIT -31d          HIT -42d          HIT -44d           no fire           no fire           no fire

=== A2. BOTTOM callers vs actual cycle bottoms ===
  trigger               2010-12-09        2011-11-18        2013-07-06        2015-01-14        2018-12-15        2021-07-20        2022-11-09
  MVRV < 1.0               no fire          HIT +46d           no fire          HIT -28d          HIT -26d           no fire           HIT -3d
  Mayer < 0.8              no fire              -70d             +270d          HIT +49d          HIT -31d          HIT -42d           HIT -1d
  Puell < 0.5              no fire          HIT +14d           no fire           HIT -7d          HIT -26d          HIT -23d           HIT -7d
  px <= 200W MA            no fire           no fire           no fire           HIT +0d           no fire           no fire              -98d
  px <= 2yr MA             no fire           no fire           no fire              -74d          HIT -30d           no fire             -185d

=== B. per-cycle indicator EXTREMES (the decay mechanism) ===
  TOP side (max within epoch):
  epoch        pi   mvrv  mayer  puell  mult2y   p200w
  E1_2013    1.23   5.88   8.26  10.49   17.96    5.63
  E2_2017    1.06   4.72   3.78   6.62    9.96   16.28
  E3_2021    1.00   3.96   2.83   3.46    4.88    6.25
  E4_2025    0.74   2.74   1.52   1.59    2.31    2.51
  BOTTOM side (min within epoch):
  epoch      mvrv  mayer  puell  mult2y   p200w
  E1_2013    0.56   0.40   0.31    0.49    0.91
  E2_2017    0.69   0.51   0.30    0.56    0.90
  E3_2021    0.75   0.48   0.35    0.41    0.66
  E4_2025    1.15   0.62   0.53    0.74    1.09

=== C. IC battery incl. the PURE-TIME signal (phase = days since halving) ===
  fwd 30d:
  epoch      phase    pl_z    mvrv   puell      pi   mayer  mult2y   p200w     rsi
  E2_2017    -0.14   -0.18   +0.05   +0.04   -0.01   +0.10   +0.01   -0.11   +0.14
  E3_2021    -0.05   -0.09   +0.04   +0.07   +0.15   +0.14   +0.04   -0.06   +0.17
  E4_2025    -0.15   -0.21   -0.14   -0.16   -0.13   -0.15   -0.08   -0.26   +0.00
  fwd 180d:
  epoch      phase    pl_z    mvrv   puell      pi   mayer  mult2y   p200w     rsi
  E2_2017    -0.39   -0.45   +0.16   -0.08   -0.06   +0.14   +0.02   -0.27   +0.23
  E3_2021    -0.07   -0.42   -0.21   -0.20   +0.06   +0.10   -0.20   -0.37   +0.11
  E4_2025    -0.80   -0.60   -0.38   -0.69   +0.49   -0.30   +0.14   -0.69   -0.17
