data 2011-08-18 -> 2026-06-10  B=2000 bootstrap, NW lag = horizon, block L = min(h, n//5)

================ horizon 30d ================
  epoch        n  signal       IC   NW-t       boot 95% CI      p
  E1_2013   1244  pl_z     +0.14  +1.10  [-0.14,+0.37]  0.325
  E1_2013   1244  mayer_z  +0.10  +0.77  [-0.17,+0.33]  0.509
  E1_2013   1244  rsi      +0.22  +2.23  [-0.01,+0.39]  0.063  *
                  D|IC| pl-rsi    -0.06      [-0.25,+0.14]  0.557
                  D|IC| pl-mayer  +0.03      [-0.12,+0.17]  0.696

  E2_2017   1402  pl_z     -0.15  -1.28  [-0.39,+0.07]  0.188
  E2_2017   1402  mayer_z  +0.12  +1.01  [-0.13,+0.31]  0.339
  E2_2017   1402  rsi      +0.14  +1.67  [-0.03,+0.29]  0.127
                  D|IC| pl-rsi    +0.03      [-0.23,+0.33]  0.845
                  D|IC| pl-mayer  +0.04      [-0.25,+0.33]  0.794

  E3_2021   1440  pl_z     -0.08  -0.63  [-0.32,+0.15]  0.488
  E3_2021   1440  mayer_z  +0.16  +1.36  [-0.09,+0.37]  0.226
  E3_2021   1440  rsi      +0.17  +1.99  [-0.01,+0.31]  0.058  *
                  D|IC| pl-rsi    -0.04      [-0.26,+0.22]  0.713
                  D|IC| pl-mayer  -0.04      [-0.30,+0.26]  0.801

  E4_2025    752  pl_z     -0.17  -1.33  [-0.40,+0.08]  0.179
  E4_2025    752  mayer_z  -0.12  -0.92  [-0.39,+0.13]  0.356
  E4_2025    752  rsi      -0.02  -0.21  [-0.28,+0.19]  0.802
                  D|IC| pl-rsi    +0.09      [-0.17,+0.35]  0.525
                  D|IC| pl-mayer  +0.03      [-0.10,+0.17]  0.657


================ horizon 90d ================
  epoch        n  signal       IC   NW-t       boot 95% CI      p
  E1_2013   1244  pl_z     +0.19  +0.99  [-0.26,+0.51]  0.421
  E1_2013   1244  mayer_z  +0.10  +0.58  [-0.34,+0.39]  0.677
  E1_2013   1244  rsi      +0.16  +1.19  [-0.16,+0.36]  0.338
                  D|IC| pl-rsi    +0.06      [-0.20,+0.34]  0.688
                  D|IC| pl-mayer  +0.05      [-0.18,+0.27]  0.658

  E2_2017   1402  pl_z     -0.25  -1.27  [-0.65,+0.18]  0.253
  E2_2017   1402  mayer_z  +0.22  +1.12  [-0.19,+0.55]  0.326
  E2_2017   1402  rsi      +0.30  +3.56  [+0.08,+0.41]  0.015 **
                  D|IC| pl-rsi    +0.02      [-0.31,+0.46]  0.996
                  D|IC| pl-mayer  +0.05      [-0.45,+0.55]  0.866

  E3_2021   1440  pl_z     -0.18  -1.03  [-0.56,+0.18]  0.285
  E3_2021   1440  mayer_z  +0.16  +0.78  [-0.30,+0.51]  0.523
  E3_2021   1440  rsi      +0.18  +1.51  [-0.10,+0.37]  0.222
                  D|IC| pl-rsi    +0.08      [-0.29,+0.49]  0.763
                  D|IC| pl-mayer  +0.03      [-0.41,+0.43]  0.850

  E4_2025    692  pl_z     -0.21  -0.90  [-0.78,+0.20]  0.317
  E4_2025    692  mayer_z  -0.15  -0.65  [-0.78,+0.29]  0.514
  E4_2025    692  rsi      +0.04  +0.29  [-0.31,+0.30]  0.998
                  D|IC| pl-rsi    +0.17      [-0.20,+0.66]  0.523
                  D|IC| pl-mayer  +0.02      [-0.17,+0.20]  0.830


================ horizon 180d ================
  epoch        n  signal       IC   NW-t       boot 95% CI      p
  E1_2013   1244  pl_z     +0.38  +1.77  [-0.19,+0.65]  0.207
  E1_2013   1244  mayer_z  +0.40  +2.09  [-0.29,+0.62]  0.248
  E1_2013   1244  rsi      +0.22  +2.10  [-0.13,+0.36]  0.203
                  D|IC| pl-rsi    +0.15      [-0.16,+0.48]  0.416
                  D|IC| pl-mayer  -0.01      [-0.36,+0.32]  0.968

  E2_2017   1402  pl_z     -0.41  -1.97  [-0.87,+0.13]  0.122
  E2_2017   1402  mayer_z  +0.16  +0.59  [-0.43,+0.63]  0.618
  E2_2017   1402  rsi      +0.22  +1.83  [-0.06,+0.38]  0.139
                  D|IC| pl-rsi    +0.23      [-0.25,+0.80]  0.467
                  D|IC| pl-mayer  +0.18      [-0.46,+0.72]  0.564

  E3_2021   1440  pl_z     -0.40  -2.69  [-0.69,-0.02]  0.045 **
  E3_2021   1440  mayer_z  +0.12  +0.61  [-0.51,+0.44]  0.758
  E3_2021   1440  rsi      +0.11  +0.77  [-0.25,+0.31]  0.625
                  D|IC| pl-rsi    +0.28      [-0.10,+0.62]  0.143
                  D|IC| pl-mayer  +0.22      [-0.26,+0.58]  0.335

  E4_2025    602  pl_z     -0.51  -2.63  [-0.83,-0.07]  0.025 **
  E4_2025    602  mayer_z  -0.22  -1.17  [-0.75,+0.26]  0.326
  E4_2025    602  rsi      -0.13  -0.91  [-0.53,+0.15]  0.363
                  D|IC| pl-rsi    +0.31      [-0.02,+0.56]  0.070  *
                  D|IC| pl-mayer  +0.19      [-0.14,+0.43]  0.140

