
########## BTC (Coin Metrics, independent source) ##########
  span 2010-07-18 -> 2026-05-23 (5789d)  causal power-law exponent: first 12.12 -> latest 5.67
  IC (Spearman vs fwd ret):     30d                       180d
  epoch         n      pl_z   mayer_z       rsi   |      pl_z   mayer_z       rsi
  E1_2013    1319     +0.03     +0.12     +0.28   |     +0.09     +0.39     +0.28
  E2_2017    1402     -0.18     +0.11     +0.14   |     -0.45     +0.15     +0.23
  E3_2021    1440     -0.09     +0.16     +0.17   |     -0.42     +0.12     +0.11
  E4_2025     734     -0.21     -0.14     +0.00   |     -0.60     -0.30     -0.17
  Sharpe edge vs buy&hold (long/flat, causal 1d lag):
  epoch        B&H      pl_z   mayer_z       rsi
  E1_2013    +1.65     -1.20     -0.90     -1.15
  E2_2017    +1.24     -0.31     -0.82     -1.24
  E3_2021    +1.12     -0.31     -0.65     -1.05
  E4_2025    +0.42     +0.03     -0.24     -0.29

########## ETH (Coin Metrics, genesis 2015-07-30) ##########
  span 2015-08-08 -> 2026-05-23 (3942d)  causal power-law exponent: first 1.11 -> latest 2.13
  IC (Spearman vs fwd ret):     30d                       180d
  epoch         n      pl_z   mayer_z       rsi   |      pl_z   mayer_z       rsi
  E1_2013     322       n/a       n/a     +0.14   |       n/a       n/a     -0.36
  E2_2017    1402     +0.14     +0.17     +0.16   |     +0.14     +0.14     +0.14
  E3_2021    1440     -0.18     +0.14     +0.09   |     -0.37     +0.35     +0.11
  E4_2025     734     -0.30     -0.20     +0.12   |     -0.65     -0.65     -0.29
  Sharpe edge vs buy&hold (long/flat, causal 1d lag):
  epoch        B&H      pl_z   mayer_z       rsi
  E2_2017    +1.21     -1.13     -0.72     -1.50
  E3_2021    +1.28     -0.20     -0.81     -0.79
  E4_2025    +0.10     +0.33     +0.05     -0.73
