data: 2011-08-18 -> 2026-06-10  (5411 days)
causal power-law exponent n_t: first valid 1.36  latest 5.61  (literature ~5.8)
latest signals  pl_z=-0.99  mayer_z=-0.98  rsi=26

================ INFORMATION COEFFICIENT (Spearman signal vs forward return) ================
negative IC = mean-reverting as expected (stretched-high -> lower forward return); |IC| = strength

--- forward 30d return ---
  epoch        n        pl_z    mayer_z        rsi
  E1 2013cyc   1319      +0.14      +0.14      +0.28
  E2 2017cyc   1402      -0.15      +0.12      +0.14
  E3 2021cyc   1440      -0.08      +0.16      +0.17
  E4 2025cyc    752      -0.17      -0.12      -0.02
  decay |IC| E1->E4: pl_z 0.14->0.17 (+21%)   mayer_z 0.14->0.12 (-14%)   rsi 0.28->0.02 (-93%)   

--- forward 90d return ---
  epoch        n        pl_z    mayer_z        rsi
  E1 2013cyc   1319      +0.19      +0.15      +0.25
  E2 2017cyc   1402      -0.25      +0.22      +0.30
  E3 2021cyc   1440      -0.18      +0.16      +0.18
  E4 2025cyc    692      -0.21      -0.15      +0.04
  decay |IC| E1->E4: pl_z 0.19->0.21 (+11%)   mayer_z 0.15->0.15 (+0%)   rsi 0.25->0.04 (-84%)   

--- forward 180d return ---
  epoch        n        pl_z    mayer_z        rsi
  E1 2013cyc   1319      +0.38      +0.40      +0.29
  E2 2017cyc   1402      -0.41      +0.16      +0.22
  E3 2021cyc   1440      -0.40      +0.12      +0.11
  E4 2025cyc    602      -0.51      -0.22      -0.13
  decay |IC| E1->E4: pl_z 0.38->0.51 (+34%)   mayer_z 0.40->0.22 (-45%)   rsi 0.29->0.13 (-55%)   

