epochs: E2(2017cyc)  E3(2021cyc)  E4(2025cyc)

== 1. HORIZON sweep — pl_z IC (default fit) ==
      h   E2     E3     E4
     60  -0.20  -0.11  -0.19
     90  -0.25  -0.18  -0.21
    120  -0.31  -0.29  -0.27
    180  -0.41  -0.40  -0.51
    240  -0.51  -0.48  -0.65
    360  -0.64  -0.55  -0.69

== 2. FIT-PARAM sweep — pl_z IC@180 ==
   fit_mo  z_mo   E2     E3     E4
      180    90  -0.42  -0.40  -0.51
      180   180  -0.42  -0.40  -0.51
      180   365  -0.42  -0.40  -0.51
      365    90  -0.41  -0.40  -0.51
      365   180  -0.41  -0.40  -0.51
      365   365  -0.41  -0.40  -0.51
      730    90  -0.33  -0.40  -0.50
      730   180  -0.33  -0.40  -0.50
      730   365  -0.33  -0.40  -0.50

== 3a. RSI period sweep — IC@30 | IC@180 ==
      n   E2     E3     E4    |   E2     E3     E4
      7  +0.13  +0.15  -0.03  |  +0.18  +0.09  -0.10
     14  +0.14  +0.17  -0.02  |  +0.22  +0.11  -0.13
     21  +0.15  +0.17  -0.02  |  +0.23  +0.12  -0.17
     30  +0.16  +0.18  -0.02  |  +0.24  +0.13  -0.22

== 3b. Mayer SMA-window sweep — IC@180 ==
    sma   E2     E3     E4
    100  +0.21  +0.09  -0.28
    200  +0.16  +0.12  -0.22
    300  +0.13  +0.14  +0.00

== 4. EXPOSURE-THRESHOLD sweep — Sharpe edge vs B&H per epoch ==
   signal                  E2     E3     E4
   pl_z     thr -0.25    -0.33  -0.14  -0.16
   pl_z     thr   0.0    -0.41  -0.26  +0.12
   pl_z     thr  0.25    -0.25  -0.01  +0.09
   mayer_z  thr -0.25    -1.03  -1.10  +0.10
   mayer_z  thr   0.0    -0.81  -0.60  -0.19
   mayer_z  thr  0.25    -0.84  -0.47  +0.10
   rsi      thr    40    -1.03  -0.85  -0.12
   rsi      thr    50    -1.19  -0.89  -0.38
   rsi      thr    60    -0.91  -0.78  -0.10
